
> shopchina@0.1.0 build D:\Tonybook
> next build

   鈻?Next.js 14.1.3
   - Environments: .env.local

   Creating an optimized production build ...
node.exe : Compiler edge-server unexpectedly exited with code: null and signal: SIGTERM
所在位置 C:\Users\admin\AppData\Roaming\npm\pnpm.ps1:24 字符: 5
+     & "node$exe"  "$basedir/node_modules/pnpm/bin/pnpm.cjs" $args
+     ~~~~~~~~~~~~~~~~~~~~~~~~~~~~~~~~~~~~~~~~~~~~~~~~~~~~~~~~~~~~~
    + CategoryInfo          : NotSpecified: (Compiler edge-s...signal: SIGTERM:String) [], RemoteException
    + FullyQualifiedErrorId : NativeCommandError
 
 鉁?Compiled successfully
   Skipping validation of types
   Skipping linting
   Collecting page data ...
TypeError: (0 , o.createContext) is not a function
    at 7535 (D:\Tonybook\.next\server\app\page.js:1:22519)
    at Function.t (D:\Tonybook\.next\server\webpack-runtime.js:1:127)
    at process.processTicksAndRejections (node:internal/process/task_queues:105:5)
    at async collectGenerateParams (D:\Tonybook\node_modules\.pnpm\next@14.1.3_@babel+core@7.2_48fadbc121e2
ef439031c35de9363810\node_modules\next\dist\build\utils.js:919:21)
    at async D:\Tonybook\node_modules\.pnpm\next@14.1.3_@babel+core@7.2_48fadbc121e2ef439031c35de9363810\no
de_modules\next\dist\build\utils.js:1138:17
    at async Span.traceAsyncFn (D:\Tonybook\node_modules\.pnpm\next@14.1.3_@babel+core@7.2_48fadbc121e2ef43
9031c35de9363810\node_modules\next\dist\trace\trace.js:151:20)

> Build error occurred
Error: Failed to collect page data for /
    at D:\Tonybook\node_modules\.pnpm\next@14.1.3_@babel+core@7.2_48fadbc121e2ef439031c35de9363810\node_mod
ules\next\dist\build\utils.js:1258:15
    at process.processTicksAndRejections (node:internal/process/task_queues:105:5) {
  type: 'Error'
}
鈥塃LIFECYCLE鈥?Command failed with exit code 1.
